ERC report (2025-07-07T18:50:27-0400, Encoding UTF8)

***** Sheet /
[lib_symbol_issues]: The current configuration does not include the symbol library 'SV Library'
    ; warning
    @(2450 mils, 1400 mils): Symbol U7 [LT3081xT7]
[lib_symbol_issues]: The current configuration does not include the symbol library 'SV Library'
    ; warning
    @(2500 mils, 3250 mils): Symbol U6 [LT3081xT7]
[footprint_link_issues]: The current configuration does not include the footprint library 'Linear Tech'.
    ; warning
    @(3550 mils, 4650 mils): Symbol U2 [LT3091EFE-TRPBF]
[lib_symbol_issues]: The current configuration does not include the symbol library '2025-06-25_13-48-54'
    ; warning
    @(3550 mils, 4650 mils): Symbol U2 [LT3091EFE-TRPBF]
[footprint_link_issues]: The current configuration does not include the footprint library 'Linear Tech'.
    ; warning
    @(3500 mils, 6400 mils): Symbol U3 [LT3091EFE-TRPBF]
[lib_symbol_issues]: The current configuration does not include the symbol library '2025-06-25_13-48-54'
    ; warning
    @(3500 mils, 6400 mils): Symbol U3 [LT3091EFE-TRPBF]
[footprint_link_issues]: The current configuration does not include the footprint library 'FAN Driver (MC)'.
    ; warning
    @(6700 mils, 3900 mils): Symbol U9 [TC647BEOATR]
[lib_symbol_issues]: The current configuration does not include the symbol library '2025-06-26_03-16-31'
    ; warning
    @(6700 mils, 3900 mils): Symbol U9 [TC647BEOATR]
[lib_symbol_issues]: The current configuration does not include the symbol library 'LCD2004 I2C adapter'
    ; warning
    @(6450 mils, 4500 mils): Symbol U1 [LCD_20x04_w_I2c_adapter]
[undefined_netclass]: Netclass SCK is not defined
    ; error
    @(8000 mils, 3050 mils): Hierarchical Label 'SCK'
[undefined_netclass]: Netclass SO is not defined
    ; error
    @(8000 mils, 3150 mils): Hierarchical Label 'SO'
[undefined_netclass]: Netclass CS is not defined
    ; error
    @(8000 mils, 3350 mils): Hierarchical Label 'CS'

***** Sheet /LT3081_3091 REGULATOR PCB/
[power_pin_not_driven]: Input Power pin not driven by any Output Power pins
    ; error
    @(2000 mils, 2800 mils): Symbol U6 Pin 6 [IN, Power input, Line]
[multiple_net_names]: Both GND and GND (PE) are attached to the same items; GND will be used in the netlist
    ; warning
    @(4200 mils, 1850 mils): Symbol #PWR01 Pin 1 [Power input, Line]
    @(1300 mils, 4150 mils): Hierarchical Label 'GND (PE)'
[power_pin_not_driven]: Input Power pin not driven by any Output Power pins
    ; error
    @(4200 mils, 1850 mils): Symbol #PWR01 Pin 1 [Power input, Line]
[multiple_net_names]: Both +12V and +12V  are attached to the same items; +12V will be used in the netlist
    ; warning
    @(4650 mils, 550 mils): Global Label '+12V'
    @(4600 mils, 850 mils): Label '+12V '
[pin_to_pin]: Pins of type Unspecified and Passive are connected
    ; warning
    @(3550 mils, 5050 mils): Symbol U2 Pin 5 [ILIM, Unspecified, Line]
    @(2850 mils, 5000 mils): Symbol RV4 Pin 1 [Passive, Line]
[pin_to_pin]: Pins of type Output and Output are connected
    ; error
    @(3550 mils, 5250 mils): Symbol U2 Pin 7 [IMONN, Output, Line]
    @(3500 mils, 7000 mils): Symbol U3 Pin 7 [IMONN, Output, Line]
[pin_to_pin]: Pins of type Unspecified and Power input are connected
    ; warning
    @(5350 mils, 4650 mils): Symbol U2 Pin EPAD [EPAD, Unspecified, Line]
    @(5300 mils, 6400 mils): Symbol U3 Pin EPAD [EPAD, Power input, Line]
[pin_to_pin]: Pins of type Output and Output are connected
    ; error
    @(5350 mils, 5050 mils): Symbol U2 Pin 13 [OUT, Output, Line]
    @(5350 mils, 4950 mils): Symbol U2 Pin 14 [OUT, Output, Line]
[pin_to_pin]: Pins of type Unspecified and Unspecified are connected
    ; warning
    @(5350 mils, 5350 mils): Symbol U2 Pin 10 [*SHDN, Unspecified, Line]
    @(5350 mils, 4650 mils): Symbol U2 Pin EPAD [EPAD, Unspecified, Line]
[pin_to_pin]: Pins of type Unspecified and Passive are connected
    ; warning
    @(3500 mils, 6800 mils): Symbol U3 Pin 5 [ILIM, Unspecified, Line]
    @(2850 mils, 5000 mils): Symbol RV4 Pin 1 [Passive, Line]
[power_pin_not_driven]: Input Power pin not driven by any Output Power pins
    ; error
    @(5300 mils, 6400 mils): Symbol U3 Pin EPAD [EPAD, Power input, Line]
[pin_to_pin]: Pins of type Output and Output are connected
    ; error
    @(5300 mils, 6600 mils): Symbol U3 Pin 15 [OUT, Output, Line]
    @(5300 mils, 6500 mils): Symbol U3 Pin 16 [OUT, Output, Line]
[pin_to_pin]: Pins of type Output and Output are connected
    ; error
    @(5300 mils, 6700 mils): Symbol U3 Pin 14 [OUT, Output, Line]
    @(5300 mils, 6600 mils): Symbol U3 Pin 15 [OUT, Output, Line]
[pin_to_pin]: Pins of type Output and Output are connected
    ; error
    @(5300 mils, 6800 mils): Symbol U3 Pin 13 [OUT, Output, Line]
    @(5300 mils, 6700 mils): Symbol U3 Pin 14 [OUT, Output, Line]
[pin_to_pin]: Pins of type Unspecified and Power input are connected
    ; warning
    @(5300 mils, 7100 mils): Symbol U3 Pin 10 [*SHDN, Unspecified, Line]
    @(5300 mils, 6400 mils): Symbol U3 Pin EPAD [EPAD, Power input, Line]

***** Sheet /Control PCB/
[hier_label_mismatch]: Hierarchical label +5V ARD VS has no matching sheet pin in the parent sheet
    ; error
    @(8300 mils, 1950 mils): Hierarchical Label '+5V ARD VS'
[similar_labels]: Labels are similar (lower/upper case difference only)
    ; warning
    @(8750 mils, 3550 mils): Hierarchical Label 'A0 port'
    @(3350 mils, 5250 mils): Hierarchical Label 'A0 Port'

***** Sheet /Thermocouple/

***** Sheet /Display/

***** Sheet /FAN LED DRIVER/
[pin_not_connected]: Pin not connected
    ; error
    @(2350 mils, 3250 mils): Symbol U10 Pin 4 [VS, Power input, Line]
[power_pin_not_driven]: Input Power pin not driven by any Output Power pins
    ; error
    @(2350 mils, 3250 mils): Symbol U10 Pin 4 [VS, Power input, Line]
[pin_not_connected]: Pin not connected
    ; error
    @(1950 mils, 3550 mils): Symbol U10 Pin 3 [REXT, Passive, Line]
[pin_not_connected]: Pin not connected
    ; error
    @(2350 mils, 3850 mils): Symbol U10 Pin 2 [GND, Power input, Line]
[power_pin_not_driven]: Input Power pin not driven by any Output Power pins
    ; error
    @(2350 mils, 3850 mils): Symbol U10 Pin 2 [GND, Power input, Line]
[pin_not_connected]: Pin not connected
    ; error
    @(3250 mils, 5900 mils): Symbol D4 Pin 1 [K, Passive, Line]

***** Sheet /PRE_REG/

***** Sheet /AC Rectification Module/

 ** ERC messages: 35  Errors 18  Warnings 17
